0 info it worked if it ends with ok
1 verbose cli [ '/usr/bin/node',
1 verbose cli   '/usr/bin/npm',
1 verbose cli   'install',
1 verbose cli   'express-rate-limit' ]
2 info using npm@3.5.2
3 info using node@v8.10.0
4 silly loadCurrentTree Starting
5 silly install loadCurrentTree
6 silly install readLocalPackageData
7 silly fetchPackageMetaData express-rate-limit@^8.2.1
8 silly fetchNamedPackageData express-rate-limit
9 silly mapToRegistry name express-rate-limit
10 silly mapToRegistry using default registry
11 silly mapToRegistry registry https://registry.npmjs.org/
12 silly mapToRegistry uri https://registry.npmjs.org/express-rate-limit
13 verbose request uri https://registry.npmjs.org/express-rate-limit
14 verbose request no auth needed
15 info attempt registry request try #1 at 23:15:45
16 verbose request using bearer token for auth
17 verbose request id 478f18529516edb4
18 http request GET https://registry.npmjs.org/express-rate-limit
19 http 200 https://registry.npmjs.org/express-rate-limit
20 verbose headers { date: 'Sun, 18 Jan 2026 02:15:46 GMT',
20 verbose headers   'content-type': 'application/json',
20 verbose headers   'transfer-encoding': 'chunked',
20 verbose headers   connection: 'keep-alive',
20 verbose headers   'content-encoding': 'gzip',
20 verbose headers   'cf-ray': '9bfa96209e97e75c-SCL',
20 verbose headers   'cf-cache-status': 'HIT',
20 verbose headers   'access-control-allow-origin': '*',
20 verbose headers   age: '85',
20 verbose headers   'cache-control': 'public, max-age=300',
20 verbose headers   etag: 'W/"f99fd7e8ee25adef12f53ca55e033085"',
20 verbose headers   'last-modified': 'Fri, 31 Oct 2025 18:48:14 GMT',
20 verbose headers   vary: 'accept-encoding, accept',
20 verbose headers   'set-cookie':
20 verbose headers    [ '_cfuvid=gly_piKondg4KPXFovO9PglcGVnsjyrbT5dDfI872lU-1768702546027-0.0.1.1-604800000; path=/; domain=.npmjs.org; HttpOnly; Secure; SameSite=None' ],
20 verbose headers   server: 'cloudflare' }
21 silly get cb [ 200,
21 silly get   { date: 'Sun, 18 Jan 2026 02:15:46 GMT',
21 silly get     'content-type': 'application/json',
21 silly get     'transfer-encoding': 'chunked',
21 silly get     connection: 'keep-alive',
21 silly get     'content-encoding': 'gzip',
21 silly get     'cf-ray': '9bfa96209e97e75c-SCL',
21 silly get     'cf-cache-status': 'HIT',
21 silly get     'access-control-allow-origin': '*',
21 silly get     age: '85',
21 silly get     'cache-control': 'public, max-age=300',
21 silly get     etag: 'W/"f99fd7e8ee25adef12f53ca55e033085"',
21 silly get     'last-modified': 'Fri, 31 Oct 2025 18:48:14 GMT',
21 silly get     vary: 'accept-encoding, accept',
21 silly get     'set-cookie':
21 silly get      [ '_cfuvid=gly_piKondg4KPXFovO9PglcGVnsjyrbT5dDfI872lU-1768702546027-0.0.1.1-604800000; path=/; domain=.npmjs.org; HttpOnly; Secure; SameSite=None' ],
21 silly get     server: 'cloudflare' } ]
22 verbose get saving express-rate-limit to /home/ariel/.npm/registry.npmjs.org/express-rate-limit/.cache.json
23 silly install normalizeTree
24 silly loadCurrentTree Finishing
25 silly loadIdealTree Starting
26 silly install loadIdealTree
27 silly cloneCurrentTree Starting
28 silly install cloneCurrentTreeToIdealTree
29 silly cloneCurrentTree Finishing
30 silly loadShrinkwrap Starting
31 silly install loadShrinkwrap
32 silly loadShrinkwrap Finishing
33 silly loadAllDepsIntoIdealTree Starting
34 silly install loadAllDepsIntoIdealTree
35 verbose stack Error: Missing required argument #1
35 verbose stack     at andLogAndFinish (/usr/share/npm/lib/fetch-package-metadata.js:31:3)
35 verbose stack     at fetchPackageMetadata (/usr/share/npm/lib/fetch-package-metadata.js:51:22)
35 verbose stack     at resolveWithNewModule (/usr/share/npm/lib/install/deps.js:456:12)
35 verbose stack     at /usr/share/npm/lib/install/deps.js:190:5
35 verbose stack     at /usr/share/npm/node_modules/slide/lib/async-map.js:52:35
35 verbose stack     at Array.forEach (<anonymous>)
35 verbose stack     at /usr/share/npm/node_modules/slide/lib/async-map.js:52:11
35 verbose stack     at Array.forEach (<anonymous>)
35 verbose stack     at asyncMap (/usr/share/npm/node_modules/slide/lib/async-map.js:51:8)
35 verbose stack     at exports.loadRequestedDeps (/usr/share/npm/lib/install/deps.js:188:3)
36 verbose cwd /home/ariel/Documentos/IT/FullStack/Mini/MiniProyectos/seis/frontend/src/Components/ConfirmarCuenta
37 error Linux 6.1.25-060125-generic
38 error argv "/usr/bin/node" "/usr/bin/npm" "install" "express-rate-limit"
39 error node v8.10.0
40 error npm  v3.5.2
41 error code EMISSINGARG
42 error typeerror Error: Missing required argument #1
42 error typeerror     at andLogAndFinish (/usr/share/npm/lib/fetch-package-metadata.js:31:3)
42 error typeerror     at fetchPackageMetadata (/usr/share/npm/lib/fetch-package-metadata.js:51:22)
42 error typeerror     at resolveWithNewModule (/usr/share/npm/lib/install/deps.js:456:12)
42 error typeerror     at /usr/share/npm/lib/install/deps.js:190:5
42 error typeerror     at /usr/share/npm/node_modules/slide/lib/async-map.js:52:35
42 error typeerror     at Array.forEach (<anonymous>)
42 error typeerror     at /usr/share/npm/node_modules/slide/lib/async-map.js:52:11
42 error typeerror     at Array.forEach (<anonymous>)
42 error typeerror     at asyncMap (/usr/share/npm/node_modules/slide/lib/async-map.js:51:8)
42 error typeerror     at exports.loadRequestedDeps (/usr/share/npm/lib/install/deps.js:188:3)
43 error typeerror This is an error with npm itself. Please report this error at:
43 error typeerror     <http://github.com/npm/npm/issues>
44 verbose exit [ 1, true ]
